// Jest Snapshot v1, https://goo.gl/fbAQLP

exports[`TranslationCard renders without crashing with all props 1`] = `
<div
  className="m-translation-card"
>
  <Button
    a11yLabel="Delete translation of Hello"
    className=""
    onClick={[Function]}
    textLabel="Delete"
  />
  <label
    className="m-translation-card__native-field-label"
  >
    <textarea
      className="m-translation-card__native-field-input"
      onChange={[Function]}
      placeholder=" translation"
      value="Hello"
    />
  </label>
  <hr />
  <label
    className="m-translation-card__translated-field-label"
  >
    <textarea
      className="m-translation-card__translated-field-input"
      onChange={[Function]}
      placeholder=" translation"
      value="Hallo"
    />
  </label>
</div>
`;
