// Jest Snapshot v1, https://goo.gl/fbAQLP

exports[`Button renders without crashing with all props 1`] = `
<button
  aria-label="Some label"
  className="a-button some-class"
  onClick={[MockFunction]}
>
  Some label
</button>
`;

exports[`Button renders without crashing with no props 1`] = `
<button
  aria-label="Click me"
  className="a-button "
  onClick={[Function]}
>
  Click me
</button>
`;
