// Jest Snapshot v1, https://goo.gl/fbAQLP

exports[`Header renders without crashing 1`] = `
<header
  className="o-header undefined"
>
  <h2>
    Categories
  </h2>
  <ul />
  <TextForm
    buttonA11yLabel="Label me."
    buttonTextLabel="Label me."
    hasButton={false}
    inputLabel="New Category"
    onSubmit={[Function]}
    onTextChange={[Function]}
  />
</header>
`;
